{
  "name": "Acid Splash",
  "level": 0,
  "school": "Evocation",
  "classes": ["Sorcerer", "Wizard"],
  "casting_time": "Action",
  "range": "60 feet",
  "components": "V, S",
  "duration": "Instantaneous",
  "description": "You create an acidic bubble at a point within range, where it explodes in a 5-foot-radius Sphere. Each creature in that Sphere must succeed on a Dexterity saving throw or take 1d6 Acid damage.",
  "higher_levels": "",
  "subsections": [
    {
      "name": "Cantrip Upgrade",
      "content": "The damage increases by 1d6 when you reach levels 5 (2d6), 11 (3d6), and 17 (4d6).",
      "type": "inline"
    }
  ]
}
